// Jest Snapshot v1, https://goo.gl/fbAQLP

exports[`components [Card] Renders 1`] = `
<div
  className="card"
  style={
    {
      "--category-color": "#ffa2a2",
    }
  }
>
  <a
    href="/category/bike/book/id"
    onClick={[Function]}
  >
    <div
      className="card-content flex direction-column justify-between"
    >
      <div
        className="card-image flex justify-center"
      >
        <img
          alt="test"
          loading="lazy"
        />
        <i
          className="fi fi-rs-books card-icon"
        />
      </div>
      <div
        className="card-info flex direction-column"
      >
        <span
          className="card-title bold"
        >
          test
        </span>
        <span>
          2020
        </span>
      </div>
    </div>
  </a>
</div>
`;
