// Jest Snapshot v1, https://goo.gl/fbAQLP

exports[`page [Footer] Renders 1`] = `
<footer>
  <div
    className="container"
  >
    <p>
      Ipsum.
    </p>
    <p>
      Dolor nostrud est cupidatat aute magna cupidatat do consequat magna nisi voluptate. Sit aliquip exercitation nulla proident sint sint amet exercitation mollit anim aliquip velit. Do adipisicing Lorem laboris enim velit sit nulla sint nisi excepteur consequat id ad exercitation. Irure labore incididunt.
    </p>
    <p>
      Et ad et incididunt tempor.
    </p>
  </div>
</footer>
`;
